Flutter crash report.
Please report a bug at https://github.com/flutter/flutter/issues.

## command

flutter run -d chrome

## exception

ShaderCompilerException: ShaderCompilerException: Shader compilation of "C:\src\flutter\packages\flutter\lib\src\material\shaders\ink_sparkle.frag" to "build\flutter_assets\shaders/ink_sparkle.frag" failed with exit code 1.



```
#0      ShaderCompiler.compileShader (package:flutter_tools/src/build_system/tools/shader_compiler.dart:232:9)
<asynchronous suspension>
#1      writeBundle.<anonymous closure> (package:flutter_tools/src/bundle_builder.dart:227:25)
<asynchronous suspension>
#2      Future.wait.<anonymous closure> (dart:async/future.dart:546:21)
<asynchronous suspension>
#3      writeBundle (package:flutter_tools/src/bundle_builder.dart:171:3)
<asynchronous suspension>
#4      WebDevFS.update (package:flutter_tools/src/isolated/devfs_web.dart:342:9)
<asynchronous suspension>
#5      ResidentWebRunner._updateDevFS (package:flutter_tools/src/isolated/resident_web_runner.dart:804:35)
<asynchronous suspension>
#6      ResidentWebRunner.run.<anonymous closure> (package:flutter_tools/src/isolated/resident_web_runner.dart:330:41)
<asynchronous suspension>
#7      asyncGuard.<anonymous closure> (package:flutter_tools/src/base/async_guard.dart:108:24)
<asynchronous suspension>
```

## flutter doctor

```
[32m[✓][39m Flutter (Channel stable, 3.44.8, on Microsoft Windows [Versi¢n 10.0.19045.6466], locale
    es-BO) [19,2s]
    [32m•[39m Flutter version 3.44.8 on channel stable at C:\src\flutter
    [32m•[39m Upstream repository https://github.com/flutter/flutter.git
    [32m•[39m Framework revision 058e0af2c2 (5 weeks ago), 2026-07-23 10:56:21 -0700
    [32m•[39m Engine revision 0cd610717b
    [32m•[39m Dart version 3.12.2
    [32m•[39m DevTools version 2.57.0
    [32m•[39m Feature flags: enable-web, enable-linux-desktop, enable-macos-desktop,
      enable-windows-desktop, enable-android, enable-ios, cli-animations, enable-native-assets,
      enable-swift-package-manager, omit-legacy-version-file, enable-lldb-debugging,
      enable-uiscene-migration

[32m[✓][39m Windows Version (10 Home 64-bit, 22H2, 2009) [8,1s]

[33m[!][39m Android toolchain - develop for Android devices (Android SDK version 36.0.0) [40,9s]
    [32m•[39m Android SDK at C:\Users\Boney\AppData\Local\Android\sdk
    [32m•[39m Emulator version 37.1.11.0 (build_id 15917651) (CL:N/A)
    [31m✗[39m cmdline-tools component is missing.
      Try installing or updating Android Studio.
      Alternatively, download the tools from
      https://developer.android.com/studio#command-line-tools-only and make sure to set the
      ANDROID_HOME environment variable.
      See https://developer.android.com/studio/command-line for more details.
    [31m✗[39m Android license status unknown.
      Run `flutter doctor --android-licenses` to accept the SDK licenses.
      See https://flutter.dev/to/windows-android-setup for more details.

[32m[✓][39m Chrome - develop for the web [146ms]
    [32m•[39m Chrome at C:\Program Files\Google\Chrome\Application\chrome.exe

[31m[✗][39m Visual Studio - develop Windows apps [145ms]
    [31m✗[39m Visual Studio not installed; this is necessary to develop Windows apps.
      Download at https://visualstudio.microsoft.com/downloads/.
      Please install the "Desktop development with C++" workload, including all of its default
      components

[32m[✓][39m Connected device (3 available) [1.242ms]
    [32m•[39m Windows (desktop) • windows • windows-x64    • Microsoft Windows [Versi¢n 10.0.19045.6466]
    [32m•[39m Chrome (web)      • chrome  • web-javascript • Google Chrome 151.0.7922.174
    [32m•[39m Edge (web)        • edge    • web-javascript • Microsoft Edge 148.0.3967.83

[32m[✓][39m Network resources [1.582ms]
    [32m•[39m All expected network resources are available.

[33m![39m Doctor found issues in 2 categories.
```
